// Vitest Snapshot v1, https://vitest.dev/guide/snapshot.html

exports[`ruby (component) > should match everything 1`] = `
[
  "algolia",
  "auth0",
  "aws",
  "aws.dynamodb",
  "aws.ec2",
  "aws.ecs",
  "aws.elasticache",
  "aws.glacier",
  "aws.lambda",
  "aws.rds",
  "aws.s3",
  "aws.sns",
  "aws.sqs",
  "azure",
  "brevo",
  "cloudflare",
  "couchbase",
  "datadog",
  "docusign",
  "elasticsearch",
  "fastly",
  "firebase",
  "gcp",
  "gcp.aiplatform",
  "gcp.bigquery",
  "gcp.bigtable",
  "gcp.cloudrun",
  "gcp.dataflow",
  "gcp.dataproc",
  "gcp.datastore",
  "gcp.dialogflow",
  "gcp.dns",
  "gcp.functions",
  "gcp.gce",
  "gcp.gcs",
  "gcp.kms",
  "gcp.language",
  "gcp.maps",
  "gcp.memorystore",
  "gcp.pubsub",
  "gcp.secretmanager",
  "gcp.spanner",
  "gcp.speech",
  "gcp.sql",
  "gcp.tasks",
  "gcp.translate",
  "gcp.vision",
  "github",
  "hashicorp_vault",
  "heroku",
  "influxdb",
  "kubernetes",
  "launchdarkly",
  "mailchimp",
  "mailjet",
  "mariadb",
  "meilisearch",
  "memcached",
  "mongodb",
  "mysql",
  "neo4j",
  "newrelic",
  "okta",
  "oraclecloud",
  "pagerduty",
  "postgresql",
  "rabbitmq",
  "redis",
  "ruby",
  "sentry",
  "slack",
  "snowflake",
  "splitio",
  "sqlite",
  "sqreen",
  "zookeeper",
]
`;

exports[`ruby (component) > should match everything 2`] = `
[
  [
    "ruby",
    "MailchimpMarketing",
    "1.0.0",
  ],
  [
    "ruby",
    "MailchimpTransactional",
    "1.0.0",
  ],
  [
    "ruby",
    "algolia",
    "1.0.0",
  ],
  [
    "ruby",
    "algoliasearch-rails",
    "1.0.0",
  ],
  [
    "ruby",
    "auth0",
    "1.0.0",
  ],
  [
    "ruby",
    "aws-sdk-dynamodbstreams",
    "1.0.0",
  ],
  [
    "ruby",
    "aws-sdk-e2",
    "1.0.0",
  ],
  [
    "ruby",
    "aws-sdk-ec2",
    "1.0.0",
  ],
  [
    "ruby",
    "aws-sdk-ecs",
    "1.0.0",
  ],
  [
    "ruby",
    "aws-sdk-elasticache",
    "1.0.0",
  ],
  [
    "ruby",
    "aws-sdk-elasticsearchservice",
    "1.0.0",
  ],
  [
    "ruby",
    "aws-sdk-glacier",
    "1.0.0",
  ],
  [
    "ruby",
    "aws-sdk-lambda",
    "1.0.0",
  ],
  [
    "ruby",
    "aws-sdk-rds",
    "1.0.0",
  ],
  [
    "ruby",
    "aws-sdk-s3",
    "1.0.0",
  ],
  [
    "ruby",
    "aws-sdk-sns",
    "1.0.0",
  ],
  [
    "ruby",
    "aws-sdk-sqs",
    "1.0.0",
  ],
  [
    "ruby",
    "azure-armrest",
    "1.0.0",
  ],
  [
    "ruby",
    "browserstack-local",
    "1.0.0",
  ],
  [
    "ruby",
    "bunny",
    "1.0.0",
  ],
  [
    "ruby",
    "circleci",
    "1.0.0",
  ],
  [
    "ruby",
    "cloudflare-rails",
    "1.0.0",
  ],
  [
    "ruby",
    "couchbase",
    "1.0.0",
  ],
  [
    "ruby",
    "cypress-on-rails",
    "1.0.0",
  ],
  [
    "ruby",
    "dalli",
    "1.0.0",
  ],
  [
    "ruby",
    "datadog-lambda",
    "1.0.0",
  ],
  [
    "ruby",
    "ddtrace",
    "1.0.0",
  ],
  [
    "ruby",
    "dependabot-common",
    "1.0.0",
  ],
  [
    "ruby",
    "docusign_esign",
    "1.0.0",
  ],
  [
    "ruby",
    "elasticsearch",
    "1.0.0",
  ],
  [
    "ruby",
    "elastimeilisearchcsearch",
    "1.0.0",
  ],
  [
    "ruby",
    "fastlane-plugin-firebase_app_distribution",
    "1.0.0",
  ],
  [
    "ruby",
    "fastly",
    "1.0.0",
  ],
  [
    "ruby",
    "functions_framework ",
    "1.0.0",
  ],
  [
    "ruby",
    "gitlab",
    "1.0.0",
  ],
  [
    "ruby",
    "google-apis-sqladmin_v1beta4",
    "1.0.0",
  ],
  [
    "ruby",
    "google-cloud-ai_platform-v1",
    "1.0.0",
  ],
  [
    "ruby",
    "google-cloud-bigquery",
    "1.0.0",
  ],
  [
    "ruby",
    "google-cloud-bigtable",
    "1.0.0",
  ],
  [
    "ruby",
    "google-cloud-build-v1",
    "1.0.0",
  ],
  [
    "ruby",
    "google-cloud-compute",
    "1.0.0",
  ],
  [
    "ruby",
    "google-cloud-dataflow-v1",
    "1.0.0",
  ],
  [
    "ruby",
    "google-cloud-dataproc-v1",
    "1.0.0",
  ],
  [
    "ruby",
    "google-cloud-datastore",
    "1.0.0",
  ],
  [
    "ruby",
    "google-cloud-dialogflow-v1",
    "1.0.0",
  ],
  [
    "ruby",
    "google-cloud-dns",
    "1.0.0",
  ],
  [
    "ruby",
    "google-cloud-functions-v1",
    "1.0.0",
  ],
  [
    "ruby",
    "google-cloud-kms-v1",
    "1.0.0",
  ],
  [
    "ruby",
    "google-cloud-language-v1",
    "1.0.0",
  ],
  [
    "ruby",
    "google-cloud-pubsub",
    "1.0.0",
  ],
  [
    "ruby",
    "google-cloud-redis-v1",
    "1.0.0",
  ],
  [
    "ruby",
    "google-cloud-run-v1",
    "1.0.0",
  ],
  [
    "ruby",
    "google-cloud-run_v2",
    "1.0.0",
  ],
  [
    "ruby",
    "google-cloud-secret_manager-v1",
    "1.0.0",
  ],
  [
    "ruby",
    "google-cloud-spanner-v1",
    "1.0.0",
  ],
  [
    "ruby",
    "google-cloud-speech-v1",
    "1.0.0",
  ],
  [
    "ruby",
    "google-cloud-storage",
    "1.0.0",
  ],
  [
    "ruby",
    "google-cloud-tasks-v1",
    "1.0.0",
  ],
  [
    "ruby",
    "google-cloud-translate-v1",
    "1.0.0",
  ],
  [
    "ruby",
    "google-cloud-vision-v1",
    "1.0.0",
  ],
  [
    "ruby",
    "google_maps_service",
    "1.0.0",
  ],
  [
    "ruby",
    "helm-rb",
    "1.0.0",
  ],
  [
    "ruby",
    "influxdb-client",
    "1.0.0",
  ],
  [
    "ruby",
    "jenkins_api_client",
    "1.0.0",
  ],
  [
    "ruby",
    "kubeclient",
    "1.0.0",
  ],
  [
    "ruby",
    "launchdarkly-server-sdk",
    "1.0.0",
  ],
  [
    "ruby",
    "ldclient-rb",
    "1.0.0",
  ],
  [
    "ruby",
    "mailjet",
    "1.0.0",
  ],
  [
    "ruby",
    "mongo",
    "1.0.0",
  ],
  [
    "ruby",
    "mysql2",
    "1.0.0",
  ],
  [
    "ruby",
    "neo4j-ruby-driver",
    "1.0.0",
  ],
  [
    "ruby",
    "newrelic_rpm",
    "1.0.0",
  ],
  [
    "ruby",
    "oci",
    "1.0.0",
  ],
  [
    "ruby",
    "octokit",
    "1.0.0",
  ],
  [
    "ruby",
    "oktakit",
    "1.0.0",
  ],
  [
    "ruby",
    "omniauth-auth0",
    "1.0.0",
  ],
  [
    "ruby",
    "pagerduty",
    "1.0.0",
  ],
  [
    "ruby",
    "pg",
    "1.0.0",
  ],
  [
    "ruby",
    "platform-api",
    "1.0.0",
  ],
  [
    "ruby",
    "redis",
    "1.0.0",
  ],
  [
    "ruby",
    "redis-client",
    "1.0.0",
  ],
  [
    "ruby",
    "ruby-mysql",
    "1.0.0",
  ],
  [
    "ruby",
    "sentry-rails",
    "1.0.0",
  ],
  [
    "ruby",
    "sequel-snowflake",
    "1.0.0",
  ],
  [
    "ruby",
    "sib-api-v3-sdk",
    "1.0.0",
  ],
  [
    "ruby",
    "slack-ruby-client",
    "1.0.0",
  ],
  [
    "ruby",
    "splitclient-rb",
    "1.0.0",
  ],
  [
    "ruby",
    "sqlite3",
    "1.0.0",
  ],
  [
    "ruby",
    "sqreen",
    "1.0.0",
  ],
  [
    "ruby",
    "tencentcloud-sdk-mariadb",
    "1.0.0",
  ],
  [
    "ruby",
    "travis",
    "1.0.0",
  ],
  [
    "ruby",
    "vault",
    "1.0.0",
  ],
  [
    "ruby",
    "zookeeper",
    "1.0.0",
  ],
]
`;
