// Vitest Snapshot v1, https://vitest.dev/guide/snapshot.html

exports[`all > should match everything 1`] = `
[
  "ada",
  "adminer",
  "adobe",
  "adobe.analytics",
  "adobe.commercecloud",
  "adobe.experiencemanager",
  "adonisjs",
  "adyen",
  "airbyte",
  "aircall",
  "airtable",
  "akamai",
  "algolia",
  "alibabacloud",
  "alpinejs",
  "amplitude",
  "angular",
  "ansible",
  "antd",
  "antdicons",
  "anthropic",
  "apacheCordova",
  "apache_airflow",
  "apache_cassandra",
  "apache_couchdb",
  "apache_flink",
  "apache_hadoop",
  "apache_hive",
  "apache_iceberg",
  "apache_kafka",
  "apache_solr",
  "apache_spark",
  "apache_storm",
  "apache_thrift",
  "apachetika",
  "apideck",
  "apify",
  "apiplatform",
  "apple",
  "apple.maps",
  "appsignal",
  "appveyor",
  "ariakitui",
  "arktype",
  "arkui",
  "asana",
  "asdf",
  "aspnet",
  "assemble",
  "astro",
  "atlasgo",
  "atlassian",
  "atlassian.bitbucket",
  "atlassian.bitbucketpipelines",
  "atlassian.confluence",
  "atlassian.jira",
  "atlassian.opsgenie",
  "atlassian.trello",
  "auth0",
  "aws",
  "aws.amplifyhosting",
  "aws.apigateway",
  "aws.athena",
  "aws.bedrock",
  "aws.cloudformation",
  "aws.cloudfront",
  "aws.cloudsearch",
  "aws.cloudwatch",
  "aws.codebuild",
  "aws.codepipeline",
  "aws.cognito",
  "aws.comprehend",
  "aws.documentdb",
  "aws.dynamodb",
  "aws.ebs",
  "aws.ec2",
  "aws.ecr",
  "aws.ecs",
  "aws.efs",
  "aws.eks",
  "aws.elasticache",
  "aws.fargate",
  "aws.glacier",
  "aws.glue",
  "aws.kafka",
  "aws.kinesis",
  "aws.kms",
  "aws.lambda",
  "aws.lightsail",
  "aws.memorydb",
  "aws.mq",
  "aws.neptune",
  "aws.opensearch",
  "aws.polly",
  "aws.rds",
  "aws.redshift",
  "aws.rekognition",
  "aws.s3",
  "aws.sagemaker",
  "aws.secretsmanager",
  "aws.ses",
  "aws.sfn",
  "aws.sns",
  "aws.sqs",
  "aws.timestream",
  "aws.transcribe",
  "aws.translate",
  "azure",
  "azure.aks",
  "azure.ci",
  "azure.cosmosdb",
  "azure.functions",
  "azure.maps",
  "azure.mariadb",
  "azure.mysql",
  "azure.openai",
  "azure.postgres",
  "azure.redis",
  "azure.sql",
  "azure.staticwebapps",
  "azure.storage",
  "babel",
  "baseui",
  "bash",
  "beehiiv",
  "betterauth",
  "betterstack",
  "bigcommerce",
  "biomejs",
  "blackfire",
  "blitzjs",
  "bootstrap",
  "bootstrapicons",
  "box",
  "brevo",
  "browerbase",
  "browserstack",
  "browseruse",
  "bugsnag",
  "builtwithfern",
  "bundler",
  "bunsh",
  "bytebase",
  "c",
  "caddy",
  "calcom",
  "calendly",
  "capacitorjs",
  "cargo",
  "celery",
  "chakraui",
  "chargebee",
  "checkov",
  "chef",
  "chromadb",
  "circleci",
  "cirrusci",
  "clerk",
  "clickhouse",
  "clicksend",
  "clickup",
  "clojure",
  "cloudbees",
  "cloudbees.codeship",
  "cloudflare",
  "cloudflare.pages",
  "cloudflare.r2",
  "cloudflare.workers",
  "cloudinary",
  "cobol",
  "cockroachdb",
  "codeclimate",
  "codecov",
  "codemirror",
  "codesandboxci",
  "coffeescript",
  "cohereai",
  "commercetools",
  "composio",
  "concourseci",
  "consul",
  "contentful",
  "convexdb",
  "couchbase",
  "coveralls",
  "cplusplus",
  "cratedb",
  "crawl4ai",
  "crowdin",
  "csharp",
  "css",
  "cypressci",
  "d3js",
  "daisyui",
  "dart",
  "databricks",
  "databuddy",
  "datadog",
  "datadome",
  "dataiku",
  "datastax",
  "datocms",
  "deepseek",
  "deepsource",
  "deno",
  "denodeploy",
  "dependabot",
  "depotdev",
  "dieselrs",
  "digitalocean",
  "dioxus",
  "discord",
  "discourse",
  "django",
  "docker",
  "docsify",
  "doctrinephp",
  "docusaurus",
  "docusign",
  "dokku",
  "drizzleorm",
  "droneci",
  "dropbox",
  "drupal",
  "duckdb",
  "dynatrace",
  "effectjs",
  "elasticcloud",
  "elasticsearch",
  "electron",
  "eleventy",
  "elixir",
  "elysiajs",
  "emberjs",
  "equinix",
  "esbuild",
  "eslint",
  "expodev",
  "expojs",
  "express",
  "fabric",
  "facebook",
  "fastify",
  "fastly",
  "feathericons",
  "figma",
  "firebase",
  "firebase.firestore",
  "firecrawl",
  "fluentui",
  "flyio",
  "flyway",
  "fontawesome",
  "freshdesk",
  "frontegg",
  "fumadocs",
  "fusionauth",
  "gatsby",
  "gcp",
  "gcp.aiplatform",
  "gcp.appengine",
  "gcp.artifactregistry",
  "gcp.bigquery",
  "gcp.bigtable",
  "gcp.cloudbuild",
  "gcp.cloudrun",
  "gcp.containerregistry",
  "gcp.dataflow",
  "gcp.dataproc",
  "gcp.datastore",
  "gcp.dialogflow",
  "gcp.dns",
  "gcp.functions",
  "gcp.gce",
  "gcp.gcs",
  "gcp.gke",
  "gcp.kms",
  "gcp.language",
  "gcp.logging",
  "gcp.maps",
  "gcp.memorystore",
  "gcp.pubsub",
  "gcp.secretmanager",
  "gcp.spanner",
  "gcp.speech",
  "gcp.sql",
  "gcp.tasks",
  "gcp.translate",
  "gcp.vertex",
  "gcp.vision",
  "geminiai",
  "ghost",
  "gitbook",
  "gitguardian",
  "github",
  "github.actions",
  "github.codeql",
  "github.pages",
  "gitlab",
  "gitlab.ci",
  "glsl",
  "goacmelego",
  "goent",
  "goenv",
  "golang",
  "golangcilint",
  "google",
  "google.analytics",
  "google.calendar",
  "google.chat",
  "google.docs",
  "google.drive",
  "google.forms",
  "google.gmail",
  "google.keep",
  "google.meet",
  "google.pay",
  "google.sheets",
  "google.slides",
  "google.tasks",
  "gorm",
  "gradio",
  "grafana",
  "gridsome",
  "groq",
  "hanko",
  "haproxy",
  "hashicorp_vault",
  "haskell",
  "headlessui",
  "healthchecksio",
  "helm",
  "heremaps",
  "heroicons",
  "heroku",
  "heroui",
  "hetzner",
  "hexojs",
  "honeybadger",
  "honojs",
  "hostinger",
  "hotjar",
  "htmx",
  "httpd",
  "hubspot",
  "hugeicons",
  "huggingface",
  "hugo",
  "hyperdx",
  "hypertune",
  "ibmcloud",
  "ifttt",
  "infernojs",
  "infisical",
  "influxdb",
  "inngest",
  "instagram",
  "integrationapp",
  "intercom",
  "intuit",
  "ionic",
  "ionicons",
  "java",
  "javascript",
  "jekyll",
  "jenkins",
  "jest",
  "joijs",
  "joomla",
  "jsonschema",
  "jsx",
  "k6",
  "kentico",
  "kibana",
  "kinde",
  "klarna",
  "klaviyo",
  "knex",
  "koa",
  "koalaanalytics",
  "kong",
  "kotlin",
  "koyeb",
  "kubernetes",
  "kysely",
  "lago",
  "laravel",
  "launchdarkly",
  "lemonsqueezy",
  "lexicaleditor",
  "libsql",
  "lighthouse",
  "linear",
  "linkedin",
  "liquibase",
  "litjs",
  "logrocket",
  "logsnag",
  "logstash",
  "logtoio",
  "lordicon",
  "lua",
  "lucideicons",
  "magento",
  "mailchimp",
  "mailgun",
  "mailhog",
  "mailjet",
  "mantineui",
  "mapbox",
  "mariadb",
  "materialdesignicons",
  "materialui",
  "matlab",
  "matomo",
  "mattermost",
  "mcp",
  "meilisearch",
  "meilisearchcloud",
  "memcached",
  "mergedev",
  "metabase",
  "meteorjs",
  "microsoft",
  "microsoft.onedrive",
  "milvusdb",
  "mintlify",
  "miro",
  "mistralai",
  "mithriljs",
  "mixpanel",
  "mkdocs",
  "mochajs",
  "monacoeditor",
  "monday",
  "mongodb",
  "mongodbatlas",
  "mongoexpress",
  "mssql",
  "muiicons",
  "mysql",
  "n8n",
  "nango",
  "nats",
  "neo4j",
  "neondb",
  "nestjs",
  "netlify",
  "newrelic",
  "nextcloud",
  "nextjs",
  "nginx",
  "nodejs",
  "notion",
  "novu",
  "npm",
  "nuget",
  "nuxtjs",
  "nvm",
  "nxcloud",
  "nxjs",
  "objectivec",
  "oceanbase",
  "okta",
  "ollama",
  "onlineornot",
  "openai",
  "openapi",
  "opentelemetry",
  "optimizely",
  "oraclecloud",
  "orysh",
  "ovh",
  "ovh.database",
  "ovh.dedicated",
  "ovh.kubernetes",
  "ovh.storage",
  "ovh.vps",
  "oxlint",
  "paddle",
  "pagerduty",
  "papertrail",
  "parceljs",
  "payloadcms",
  "paypal",
  "paystack",
  "percona",
  "perl",
  "perplexityai",
  "phaserjs",
  "phosphoreicons",
  "php",
  "phpcomposer",
  "phpenv",
  "phppest",
  "phpstan",
  "phpunit",
  "pinecone",
  "pingdom",
  "pipenv",
  "pirschanalytics",
  "placekit",
  "planetscale",
  "platformsh",
  "plausible",
  "playwright",
  "pnpm",
  "poetry",
  "polarsh",
  "postgresql",
  "postgrest",
  "posthog",
  "postman",
  "postmark",
  "preactjs",
  "prestashop",
  "prettier",
  "prisma",
  "prismacloud",
  "prometheus",
  "propelauth",
  "pulumi",
  "puppeteer",
  "python",
  "pytorch",
  "qdrant",
  "qovery",
  "qovery.cluster",
  "qovery.database",
  "questdb",
  "qwikjs",
  "r",
  "rabbitmq",
  "radixicons",
  "radixui",
  "rails",
  "railway",
  "railway.mongodb",
  "railway.mysql",
  "railway.postgres",
  "railway.redis",
  "react",
  "reactemail",
  "reacticons",
  "reactrouterdom",
  "readthedocs",
  "reddit",
  "redis",
  "redwoodjs",
  "refinedev",
  "rekaui",
  "relativeci",
  "remixicons",
  "remixrouter",
  "remixrun",
  "remult",
  "render",
  "renovate",
  "replicate",
  "replit",
  "replit.database",
  "replit.postgres",
  "resend",
  "rethinkdb",
  "revenuecat",
  "rollbar",
  "rolldown",
  "rollup",
  "rspack",
  "rubocop",
  "ruby",
  "rubyenv",
  "rust",
  "salesforce",
  "sandpackeditor",
  "sanity",
  "sap",
  "sas",
  "scala",
  "scaleway",
  "scaleway.container",
  "scaleway.database",
  "scaleway.documentdb",
  "scaleway.elasticmetal",
  "scaleway.function",
  "scaleway.kubernetes",
  "scaleway.mq",
  "scaleway.redis",
  "scaleway.secretmanager",
  "scaleway.storage",
  "scoutapm",
  "scss",
  "segment",
  "selenium",
  "sendgrid",
  "sentry",
  "sequelize",
  "sequelruby",
  "servicenow",
  "shadcn",
  "shopify",
  "shopify.hydrogen",
  "signoz",
  "simpleicons",
  "sitecore",
  "sitecore.xmlcloud",
  "slack",
  "slatedocs",
  "snowflake",
  "snyk",
  "socketio",
  "solidjs",
  "sonarcloud",
  "sonarlint",
  "sonarqube",
  "splitio",
  "splunk",
  "spotify",
  "sqlalchemy",
  "sqlite",
  "sqreen",
  "squarespace",
  "squareup",
  "stenciljs",
  "storyblok",
  "storybook",
  "strapi",
  "stripe",
  "styleci",
  "stylelint",
  "stytch",
  "supabase",
  "supabase.auth",
  "supabase.functions",
  "supabase.postgres",
  "supabase.realtime",
  "supabase.storage",
  "superstruct",
  "supertokens",
  "surrealdb",
  "sveltejs",
  "sveltekit",
  "swc",
  "swift",
  "swiftype",
  "symfony",
  "tablericons",
  "tailscale",
  "tailwind",
  "tanstackrouter",
  "tanstackstart",
  "tauri",
  "tdengine",
  "teamcity",
  "teamspeak",
  "telegraf",
  "telegram",
  "tencentcloud",
  "tensorflow",
  "terraform",
  "terragrunt",
  "testinglibrary",
  "tidb",
  "timescaledb",
  "tinybird",
  "tiptap",
  "traefik",
  "travisci",
  "trayio",
  "trpc",
  "trufflesecurity",
  "turborepo",
  "tursodb",
  "twentycrm",
  "twigphp",
  "twilio",
  "twitch",
  "twitter",
  "typebox",
  "typeorm",
  "typescript",
  "typesense",
  "typesensecloud",
  "ultracite",
  "umijs",
  "upstash",
  "upstash.kafka",
  "upstash.qstash",
  "upstash.redis",
  "uptimekuma",
  "useautumn",
  "useparagon",
  "vale",
  "valibot",
  "valkey",
  "vercel",
  "vercel.ai",
  "vercel.analytics",
  "vercel.blob",
  "vercel.edge",
  "vercel.functions",
  "vercel.kv",
  "vercel.postgres",
  "veriff",
  "vialink",
  "victoriametrics",
  "visualbasicnet",
  "vite",
  "vitepress",
  "vitest",
  "vue",
  "vuejs",
  "vuepress",
  "wasp",
  "webflow",
  "webpack",
  "whatsapp",
  "wikipedia",
  "withorb",
  "wiz",
  "wolframalpha",
  "woocommerce",
  "wordpress",
  "workos",
  "xai",
  "yarn",
  "yii2",
  "yousign",
  "youtube",
  "zapier",
  "zendesk",
  "zig",
  "zipkin",
  "zod",
  "zookeeper",
  "zoom",
  "zuora",
]
`;
