// Vitest Snapshot v1, https://vitest.dev/guide/snapshot.html

exports[`hosting > should match everything with files 1`] = `
[
  "expodev",
  "flyio",
  "github.pages",
  "heroku",
  "netlify",
  "platformsh",
  "render",
  "vercel",
]
`;
