// Vitest Snapshot v1, https://vitest.dev/guide/snapshot.html

exports[`all > should match everything 1`] = `
[
  "adobe",
  "airbyte",
  "airtable",
  "algolia",
  "alibabacloud",
  "alpinejs",
  "amplitude",
  "angular",
  "ansible",
  "apache_airflow",
  "apache_cassandra",
  "apache_couchdb",
  "apache_flink",
  "apache_iceberg",
  "apache_kafka",
  "apache_spark",
  "apache_storm",
  "appveyor",
  "atlassian",
  "auth0",
  "aws",
  "aws.amplify_hosting",
  "aws.codebuild",
  "aws.dynamodb",
  "aws.ec2",
  "aws.ecs",
  "aws.elasticache",
  "aws.fargate",
  "aws.glacier",
  "aws.lambda",
  "aws.rds",
  "aws.s3",
  "aws.sns",
  "aws.sqs",
  "azure",
  "azure.ci",
  "bigcommerce",
  "bitbucket",
  "bootstrap",
  "box",
  "brevo",
  "browserstack",
  "caddy",
  "circleci",
  "cirrusci",
  "clickhouse",
  "cloudflare",
  "cloudflare.pages",
  "cloudflare.workers",
  "cockroachdb",
  "codecov",
  "codesandboxci",
  "contenful",
  "couchbase",
  "coveralls",
  "crowdin",
  "cypressci",
  "databricks",
  "datadog",
  "dataiku",
  "datastax",
  "deferrun",
  "deno",
  "dependabot",
  "digitalocean",
  "discord",
  "discourse",
  "docker",
  "doctrinephp",
  "docusign",
  "dropbox",
  "dynatrace",
  "elasticcloud",
  "elasticsearch",
  "elasticstack",
  "electron",
  "emberjs",
  "equinix",
  "esbuild",
  "eslint",
  "expodev",
  "express",
  "fabric",
  "facebook",
  "fastify",
  "fastly",
  "figma",
  "firebase",
  "firebase.firestore",
  "flyio",
  "gcp",
  "gcp.aiplatform",
  "gcp.appengine",
  "gcp.bigquery",
  "gcp.bigtable",
  "gcp.cloudbuild",
  "gcp.cloudrun",
  "gcp.dataflow",
  "gcp.dataproc",
  "gcp.datastore",
  "gcp.dialogflow",
  "gcp.dns",
  "gcp.functions",
  "gcp.gce",
  "gcp.gcs",
  "gcp.gke",
  "gcp.kms",
  "gcp.language",
  "gcp.maps",
  "gcp.memorystore",
  "gcp.pubsub",
  "gcp.secretmanager",
  "gcp.spanner",
  "gcp.speech",
  "gcp.sql",
  "gcp.tasks",
  "gcp.translate",
  "gcp.vision",
  "gitbook",
  "gitguardian",
  "github",
  "github.actions",
  "github.pages",
  "gitlab",
  "gitlab.ci",
  "golang",
  "googleanalytics",
  "grafana",
  "hashicorp_vault",
  "helm",
  "heroku",
  "hotjar",
  "httpd",
  "hubspot",
  "huggingface",
  "hypertune",
  "influxdb",
  "jenkins",
  "jira",
  "kibana",
  "klarna",
  "klaviyo",
  "koa",
  "kubernetes",
  "laravel",
  "launchdarkly",
  "lemonsqueezy",
  "lighthouse",
  "logrocket",
  "logsnag",
  "magento",
  "mailchimp",
  "mailjet",
  "mariadb",
  "matomo",
  "meilisearch",
  "memcached",
  "meteorjs",
  "mithriljs",
  "mixpanel",
  "mongodb",
  "mongodbatlas",
  "mysql",
  "neo4j",
  "netlify",
  "newrelic",
  "nextcloud",
  "nextjs",
  "nginx",
  "nodejs",
  "notion",
  "nuxtjs",
  "okta",
  "openai",
  "oraclecloud",
  "ovh",
  "pagerduty",
  "percona",
  "php",
  "phppest",
  "phpstan",
  "phpunit",
  "pingdom",
  "placekit",
  "planetscale",
  "platformsh",
  "plausible",
  "playwright",
  "postgresql",
  "postman",
  "postmark",
  "preactjs",
  "prettier",
  "prisma",
  "prismacloud",
  "puppeteer",
  "rabbitmq",
  "react",
  "reactemail",
  "redis",
  "relativeci",
  "render",
  "renovate",
  "resend",
  "rollup",
  "ruby",
  "rust",
  "salesforce",
  "sanity",
  "scaleway",
  "sendgrid",
  "sentry",
  "sequelize",
  "shopify",
  "sitecore",
  "sitecore.xmlcloud",
  "slack",
  "snowflake",
  "snyk",
  "socketio",
  "solidjs",
  "splitio",
  "splunk",
  "sqlite",
  "sqreen",
  "squarespace",
  "squareup",
  "storybook",
  "strapi",
  "stripe",
  "styleci",
  "stylelint",
  "supabase",
  "supabase.functions",
  "supabase.postgres",
  "supabase.storage",
  "sveltejs",
  "symfony",
  "tailwind",
  "teamcity",
  "tencentcloud",
  "terraform",
  "terragrunt",
  "tinybird",
  "travisci",
  "trufflesecurity",
  "twigphp",
  "twilio",
  "twitter",
  "typescript",
  "upstash",
  "upstash.kafka",
  "upstash.qstash",
  "upstash.redis",
  "vercel",
  "vercel.ai",
  "vercel.analytics",
  "vercel.blob",
  "vercel.kv",
  "vercel.postgres",
  "vialink",
  "vite",
  "vue",
  "webflow",
  "webpack",
  "wiz",
  "woocommerce",
  "wordpress",
  "yii2",
  "yousign",
  "zapier",
  "zendesk",
  "zookeeper",
  "zoom",
  "zuora",
]
`;
