// Vitest Snapshot v1, https://vitest.dev/guide/snapshot.html

exports[`docker > should match everything 1`] = `
[
  "airbyte",
  "apache_airflow",
  "apache_cassandra",
  "apache_couchdb",
  "apache_flink",
  "apache_iceberg",
  "apache_kafka",
  "apache_spark",
  "apache_storm",
  "aws",
  "aws.dynamodb",
  "aws.lambda",
  "aws.s3",
  "caddy",
  "clickhouse",
  "couchbase",
  "cypressci",
  "deno",
  "discourse",
  "docker",
  "elasticsearch",
  "grafana",
  "hashicorp_vault",
  "httpd",
  "influxdb",
  "jenkins",
  "kibana",
  "mariadb",
  "matomo",
  "meilisearch",
  "memcached",
  "mongodb",
  "mysql",
  "neo4j",
  "nextcloud",
  "nginx",
  "nodejs",
  "percona",
  "php",
  "plausible",
  "postgresql",
  "rabbitmq",
  "redis",
  "ruby",
  "strapi",
  "trufflesecurity",
  "zookeeper",
]
`;

exports[`docker > should match everything 2`] = `
[
  [
    "docker",
    "adobe/s3mock",
    "0.0.0",
  ],
  [
    "docker",
    "airbyte/worker",
    "latest",
  ],
  [
    "docker",
    "amazon/aws-cli",
    "0.0.0",
  ],
  [
    "docker",
    "amazon/aws-lambda-python",
    "latest",
  ],
  [
    "docker",
    "amazon/dynamodb-local",
    "0.0.0",
  ],
  [
    "docker",
    "apache/airflow",
    "0.0.0",
  ],
  [
    "docker",
    "apache/couchdb",
    "0.0.0",
  ],
  [
    "docker",
    "apache/flink",
    "0.0.0",
  ],
  [
    "docker",
    "apache/spark",
    "0.0.0",
  ],
  [
    "docker",
    "apache/spark-iceberg",
    "0.0.0",
  ],
  [
    "docker",
    "apache/storm",
    "0.0.0",
  ],
  [
    "docker",
    "bitnami/discourse",
    "0.0.0",
  ],
  [
    "docker",
    "bitnami/kafka",
    "0.0.0",
  ],
  [
    "docker",
    "bitnami/matomo",
    "0.0.0",
  ],
  [
    "docker",
    "caddy",
    "0.0.0",
  ],
  [
    "docker",
    "cassandra",
    "0.0.0",
  ],
  [
    "docker",
    "clickhouse/clickhouse-server",
    "0.0.0",
  ],
  [
    "docker",
    "couchbase",
    "0.0.0",
  ],
  [
    "docker",
    "cypress",
    "0.0.0",
  ],
  [
    "docker",
    "denoland/deno",
    "0.0.0",
  ],
  [
    "docker",
    "discourse/base",
    "0.0.0",
  ],
  [
    "docker",
    "elasticsearch",
    "0.0.0",
  ],
  [
    "docker",
    "getmeili/meilisearch",
    "0.0.0",
  ],
  [
    "docker",
    "grafana/grafana-enterprise",
    "0.0.0",
  ],
  [
    "docker",
    "httpd",
    "0.0.0",
  ],
  [
    "docker",
    "influxdb",
    "0.0.0",
  ],
  [
    "docker",
    "jenkins-docker",
    "0.0.0",
  ],
  [
    "docker",
    "kibana",
    "0.0.0",
  ],
  [
    "docker",
    "mariadb",
    "0.0.0",
  ],
  [
    "docker",
    "matomo",
    "0.0.0",
  ],
  [
    "docker",
    "memcached",
    "0.0.0",
  ],
  [
    "docker",
    "mongo",
    "0.0.0",
  ],
  [
    "docker",
    "mysql",
    "0.0.0",
  ],
  [
    "docker",
    "neo4j",
    "0.0.0",
  ],
  [
    "docker",
    "nextcloud/aio-nextcloud",
    "0.0.0",
  ],
  [
    "docker",
    "nextcloud/all-in-one",
    "0.0.0",
  ],
  [
    "docker",
    "nginx",
    "0.0.0",
  ],
  [
    "docker",
    "node",
    "0.0.0",
  ],
  [
    "docker",
    "nodejs",
    "0.0.0",
  ],
  [
    "docker",
    "percona",
    "0.0.0",
  ],
  [
    "docker",
    "php",
    "0.0.0",
  ],
  [
    "docker",
    "plausible/analytics",
    "0.0.0",
  ],
  [
    "docker",
    "postgres",
    "0.0.0",
  ],
  [
    "docker",
    "rabbitmq",
    "0.0.0",
  ],
  [
    "docker",
    "redis",
    "0.0.0",
  ],
  [
    "docker",
    "ruby",
    "0.0.0",
  ],
  [
    "docker",
    "strapi",
    "0.0.0",
  ],
  [
    "docker",
    "trufflesecurity/trufflehog",
    "0.0.0",
  ],
  [
    "docker",
    "vault",
    "0.0.0",
  ],
  [
    "docker",
    "zookeeper",
    "0.0.0",
  ],
]
`;
