// Vitest Snapshot v1, https://vitest.dev/guide/snapshot.html

exports[`npm > should match everything 1`] = `
[
  "airtable",
  "algolia",
  "alpinejs",
  "amplitude",
  "angular",
  "auth0",
  "aws",
  "aws.amplify_hosting",
  "aws.codebuild",
  "aws.dynamodb",
  "aws.ec2",
  "aws.ecs",
  "aws.elasticache",
  "aws.glacier",
  "aws.lambda",
  "aws.rds",
  "aws.s3",
  "aws.sns",
  "aws.sqs",
  "bootstrap",
  "brevo",
  "browserstack",
  "clickhouse",
  "cloudflare",
  "cloudflare.workers",
  "contenful",
  "couchbase",
  "coveralls",
  "crowdin",
  "cypressci",
  "datadog",
  "deferrun",
  "discord",
  "docusign",
  "dynatrace",
  "elasticsearch",
  "electron",
  "emberjs",
  "esbuild",
  "eslint",
  "express",
  "fastify",
  "fastly",
  "figma",
  "firebase",
  "gcp",
  "gcp.aiplatform",
  "gcp.appengine",
  "gcp.bigquery",
  "gcp.bigtable",
  "gcp.cloudbuild",
  "gcp.cloudrun",
  "gcp.dataflow",
  "gcp.dataproc",
  "gcp.datastore",
  "gcp.dialogflow",
  "gcp.dns",
  "gcp.functions",
  "gcp.gce",
  "gcp.gcs",
  "gcp.kms",
  "gcp.language",
  "gcp.maps",
  "gcp.memorystore",
  "gcp.pubsub",
  "gcp.secretmanager",
  "gcp.spanner",
  "gcp.speech",
  "gcp.sql",
  "gcp.tasks",
  "gcp.translate",
  "gcp.vision",
  "gitbook",
  "github",
  "hotjar",
  "huggingface",
  "hypertune",
  "influxdb",
  "jira",
  "koa",
  "kubernetes",
  "launchdarkly",
  "lemonsqueezy",
  "lighthouse",
  "logrocket",
  "logsnag",
  "mailchimp",
  "mailjet",
  "mariadb",
  "meilisearch",
  "memcached",
  "meteorjs",
  "mithriljs",
  "mongodb",
  "mysql",
  "neo4j",
  "netlify",
  "newrelic",
  "nextjs",
  "nodejs",
  "nuxtjs",
  "okta",
  "openai",
  "oraclecloud",
  "ovh",
  "pagerduty",
  "placekit",
  "playwright",
  "postgresql",
  "postman",
  "postmark",
  "preactjs",
  "prettier",
  "prisma",
  "puppeteer",
  "rabbitmq",
  "react",
  "reactemail",
  "redis",
  "relativeci",
  "renovate",
  "resend",
  "rollup",
  "salesforce",
  "sanity",
  "scaleway",
  "sendgrid",
  "sentry",
  "sequelize",
  "shopify",
  "sitecore",
  "sitecore.xmlcloud",
  "slack",
  "snyk",
  "socketio",
  "solidjs",
  "splitio",
  "sqlite",
  "sqreen",
  "squarespace",
  "storybook",
  "strapi",
  "stripe",
  "supabase",
  "supabase.functions",
  "supabase.postgres",
  "supabase.storage",
  "sveltejs",
  "tailwind",
  "terraform",
  "tinybird",
  "twilio",
  "typescript",
  "upstash",
  "upstash.kafka",
  "upstash.qstash",
  "upstash.redis",
  "vercel",
  "vercel.ai",
  "vercel.analytics",
  "vercel.blob",
  "vercel.kv",
  "vercel.postgres",
  "vite",
  "vue",
  "webflow",
  "webpack",
]
`;

exports[`npm > should match everything 2`] = `
[
  [
    "npm",
    "@algolia/client",
    "0.0.0",
  ],
  [
    "npm",
    "@amplitude/analytics-browser",
    "0.0.0",
  ],
  [
    "npm",
    "@angular/forms",
    "0.0.0",
  ],
  [
    "npm",
    "@auth0/auth0-react",
    "0.0.0",
  ],
  [
    "npm",
    "@aws-amplify/ui-react",
    "0.0.0",
  ],
  [
    "npm",
    "@aws-sdk/client-codebuild",
    "0.0.0",
  ],
  [
    "npm",
    "@aws-sdk/client-dynamodb-streams",
    "0.0.0",
  ],
  [
    "npm",
    "@aws-sdk/client-ec2",
    "0.0.0",
  ],
  [
    "npm",
    "@aws-sdk/client-ecs",
    "0.0.0",
  ],
  [
    "npm",
    "@aws-sdk/client-elasticache",
    "0.0.0",
  ],
  [
    "npm",
    "@aws-sdk/client-glacier",
    "0.0.0",
  ],
  [
    "npm",
    "@aws-sdk/client-lambda",
    "0.0.0",
  ],
  [
    "npm",
    "@aws-sdk/client-rds",
    "0.0.0",
  ],
  [
    "npm",
    "@aws-sdk/client-s3",
    "0.0.0",
  ],
  [
    "npm",
    "@aws-sdk/client-sns",
    "0.0.0",
  ],
  [
    "npm",
    "@aws-sdk/client-sqs",
    "0.0.0",
  ],
  [
    "npm",
    "@aws-sdk/middleware-sdk-rds",
    "0.0.0",
  ],
  [
    "npm",
    "@clickhouse/client",
    "0.0.0",
  ],
  [
    "npm",
    "@cloudflare/kv-asset-handler",
    "0.0.0",
  ],
  [
    "npm",
    "@crowdin/crowdin-api-client",
    "0.0.0",
  ],
  [
    "npm",
    "@datadog/cli",
    "0.0.0",
  ],
  [
    "npm",
    "@defer/client",
    "0.0.0",
  ],
  [
    "npm",
    "@docsearch/react",
    "0.0.0",
  ],
  [
    "npm",
    "@dynatrace/opentelemetry-core",
    "0.0.0",
  ],
  [
    "npm",
    "@elastic/elasticsearch",
    "0.0.0",
  ],
  [
    "npm",
    "@fastly/performance-observer-polyfill",
    "0.0.0",
  ],
  [
    "npm",
    "@figma/plugin-typings",
    "0.0.0",
  ],
  [
    "npm",
    "@firebase/auth",
    "0.0.0",
  ],
  [
    "npm",
    "@getbrevo/brevo",
    "0.0.0",
  ],
  [
    "npm",
    "@gitbook/api",
    "0.0.0",
  ],
  [
    "npm",
    "@google-cloud/aiplatform",
    "0.0.0",
  ],
  [
    "npm",
    "@google-cloud/appengine-admin",
    "0.0.0",
  ],
  [
    "npm",
    "@google-cloud/bigquery",
    "0.0.0",
  ],
  [
    "npm",
    "@google-cloud/bigtable",
    "0.0.0",
  ],
  [
    "npm",
    "@google-cloud/cloud-sql-connector",
    "0.0.0",
  ],
  [
    "npm",
    "@google-cloud/cloudbuild",
    "0.0.0",
  ],
  [
    "npm",
    "@google-cloud/compute",
    "0.0.0",
  ],
  [
    "npm",
    "@google-cloud/dataflow",
    "0.0.0",
  ],
  [
    "npm",
    "@google-cloud/dataproc",
    "0.0.0",
  ],
  [
    "npm",
    "@google-cloud/datastore",
    "0.0.0",
  ],
  [
    "npm",
    "@google-cloud/dialogflow",
    "0.0.0",
  ],
  [
    "npm",
    "@google-cloud/dns",
    "0.0.0",
  ],
  [
    "npm",
    "@google-cloud/functions-framework",
    "0.0.0",
  ],
  [
    "npm",
    "@google-cloud/kms",
    "0.0.0",
  ],
  [
    "npm",
    "@google-cloud/language",
    "0.0.0",
  ],
  [
    "npm",
    "@google-cloud/maps",
    "0.0.0",
  ],
  [
    "npm",
    "@google-cloud/pubsub",
    "0.0.0",
  ],
  [
    "npm",
    "@google-cloud/redis",
    "0.0.0",
  ],
  [
    "npm",
    "@google-cloud/run",
    "0.0.0",
  ],
  [
    "npm",
    "@google-cloud/secret-manager",
    "0.0.0",
  ],
  [
    "npm",
    "@google-cloud/spanner",
    "0.0.0",
  ],
  [
    "npm",
    "@google-cloud/speech",
    "0.0.0",
  ],
  [
    "npm",
    "@google-cloud/storage",
    "0.0.0",
  ],
  [
    "npm",
    "@google-cloud/tasks",
    "0.0.0",
  ],
  [
    "npm",
    "@google-cloud/translate",
    "0.0.0",
  ],
  [
    "npm",
    "@google-cloud/vision",
    "0.0.0",
  ],
  [
    "npm",
    "@hotjar/browser",
    "0.0.0",
  ],
  [
    "npm",
    "@hubspot/api-client",
    "0.0.0",
  ],
  [
    "npm",
    "@huggingface/inference",
    "0.0.0",
  ],
  [
    "npm",
    "@influxdata/influxdb-client",
    "0.0.0",
  ],
  [
    "npm",
    "@kubernetes/client-node",
    "0.0.0",
  ],
  [
    "npm",
    "@launchdarkly/cloudflare-server-sdk",
    "0.0.0",
  ],
  [
    "npm",
    "@mailchimp/mailchimp_marketing",
    "0.0.0",
  ],
  [
    "npm",
    "@mailchimp/mailchimp_transactional",
    "0.0.0",
  ],
  [
    "npm",
    "@meilisearch/instant-meilisearch",
    "0.0.0",
  ],
  [
    "npm",
    "@mikro-orm/mongodb",
    "0.0.0",
  ],
  [
    "npm",
    "@miniflare/cache",
    "0.0.0",
  ],
  [
    "npm",
    "@netlify/plugin-emails",
    "0.0.0",
  ],
  [
    "npm",
    "@nuxtjs/algolia",
    "0.0.0",
  ],
  [
    "npm",
    "@octokit/types",
    "0.0.0",
  ],
  [
    "npm",
    "@okta/okta-signin-widget",
    "0.0.0",
  ],
  [
    "npm",
    "@ovh-api/api",
    "0.0.0",
  ],
  [
    "npm",
    "@pagerduty/pdjs",
    "0.0.0",
  ],
  [
    "npm",
    "@placekit/client-js",
    "0.0.0",
  ],
  [
    "npm",
    "@relative-ci/agent",
    "0.0.0",
  ],
  [
    "npm",
    "@salesforce/kit",
    "0.0.0",
  ],
  [
    "npm",
    "@scaleway/sdk",
    "0.0.0",
  ],
  [
    "npm",
    "@sendgrid/mail",
    "0.0.0",
  ],
  [
    "npm",
    "@sendinblue/client",
    "0.0.0",
  ],
  [
    "npm",
    "@sentry/browser",
    "0.0.0",
  ],
  [
    "npm",
    "@shopify/shopify-api",
    "0.0.0",
  ],
  [
    "npm",
    "@sitecore-jss/sitecore-jss",
    "0.0.0",
  ],
  [
    "npm",
    "@sitecore-jss/sitecore-jss-nextjs",
    "0.0.0",
  ],
  [
    "npm",
    "@slack/web-api",
    "0.0.0",
  ],
  [
    "npm",
    "@splitsoftware/splitio",
    "0.0.0",
  ],
  [
    "npm",
    "@squarespace/server",
    "0.0.0",
  ],
  [
    "npm",
    "@strapi/strapi",
    "0.0.0",
  ],
  [
    "npm",
    "@supabase/functions-js",
    "0.0.0",
  ],
  [
    "npm",
    "@supabase/pg-admin-js",
    "0.0.0",
  ],
  [
    "npm",
    "@supabase/postgres-meta",
    "0.0.0",
  ],
  [
    "npm",
    "@supabase/postgrest-js",
    "0.0.0",
  ],
  [
    "npm",
    "@supabase/realtime-js",
    "0.0.0",
  ],
  [
    "npm",
    "@supabase/storage-js",
    "0.0.0",
  ],
  [
    "npm",
    "@supabase/supabase.js",
    "0.0.0",
  ],
  [
    "npm",
    "@sveltejs/vite-plugin-svelte",
    "0.0.0",
  ],
  [
    "npm",
    "@tinybirdco/next-tinybird",
    "0.0.0",
  ],
  [
    "npm",
    "@twilio/cli-core",
    "0.0.0",
  ],
  [
    "npm",
    "@types/aws-lambda",
    "0.0.0",
  ],
  [
    "npm",
    "@upstash/kafka",
    "0.0.0",
  ],
  [
    "npm",
    "@upstash/qstash",
    "0.0.0",
  ],
  [
    "npm",
    "@upstash/redis",
    "0.0.0",
  ],
  [
    "npm",
    "@vercel/ai",
    "0.0.0",
  ],
  [
    "npm",
    "@vercel/analytics",
    "0.0.0",
  ],
  [
    "npm",
    "@vercel/blob",
    "0.0.0",
  ],
  [
    "npm",
    "@vercel/kv",
    "0.0.0",
  ],
  [
    "npm",
    "@vercel/postgres",
    "0.0.0",
  ],
  [
    "npm",
    "airtable",
    "0.0.0",
  ],
  [
    "npm",
    "algoliasearch",
    "0.0.0",
  ],
  [
    "npm",
    "alpinejs",
    "0.0.0",
  ],
  [
    "npm",
    "amplitude-js",
    "0.0.0",
  ],
  [
    "npm",
    "amqplib",
    "0.0.0",
  ],
  [
    "npm",
    "angular",
    "0.0.0",
  ],
  [
    "npm",
    "auth0",
    "0.0.0",
  ],
  [
    "npm",
    "aws-amplify",
    "0.0.0",
  ],
  [
    "npm",
    "aws-sdk",
    "0.0.0",
  ],
  [
    "npm",
    "bootstrap",
    "0.0.0",
  ],
  [
    "npm",
    "browserstack",
    "0.0.0",
  ],
  [
    "npm",
    "cdktf",
    "0.0.0",
  ],
  [
    "npm",
    "contentful",
    "0.0.0",
  ],
  [
    "npm",
    "contentful-management",
    "0.0.0",
  ],
  [
    "npm",
    "couchbase",
    "0.0.0",
  ],
  [
    "npm",
    "create-instantsearch-app",
    "0.0.0",
  ],
  [
    "npm",
    "cypress",
    "0.0.0",
  ],
  [
    "npm",
    "datadog-metrics",
    "0.0.0",
  ],
  [
    "npm",
    "dd-trace",
    "0.0.0",
  ],
  [
    "npm",
    "discord-interactions",
    "0.0.0",
  ],
  [
    "npm",
    "discord.js",
    "0.0.0",
  ],
  [
    "npm",
    "docsearch.js",
    "0.0.0",
  ],
  [
    "npm",
    "docusign-esign",
    "0.0.0",
  ],
  [
    "npm",
    "electron",
    "0.0.0",
  ],
  [
    "npm",
    "ember",
    "0.0.0",
  ],
  [
    "npm",
    "ember-cli",
    "0.0.0",
  ],
  [
    "npm",
    "ember-data",
    "0.0.0",
  ],
  [
    "npm",
    "ember-source",
    "0.0.0",
  ],
  [
    "npm",
    "esbuild",
    "0.0.0",
  ],
  [
    "npm",
    "eslint",
    "0.0.0",
  ],
  [
    "npm",
    "express",
    "0.0.0",
  ],
  [
    "npm",
    "fastify",
    "0.0.0",
  ],
  [
    "npm",
    "fastly",
    "0.0.0",
  ],
  [
    "npm",
    "fastly/fastly",
    "0.0.0",
  ],
  [
    "npm",
    "firebase",
    "0.0.0",
  ],
  [
    "npm",
    "gatsby-plugin-algolia",
    "0.0.0",
  ],
  [
    "npm",
    "googleapis",
    "0.0.0",
  ],
  [
    "npm",
    "hypertune",
    "0.0.0",
  ],
  [
    "npm",
    "instantsearch.js",
    "0.0.0",
  ],
  [
    "npm",
    "ioredis",
    "0.0.0",
  ],
  [
    "npm",
    "jira.js",
    "0.0.0",
  ],
  [
    "npm",
    "jsforce",
    "0.0.0",
  ],
  [
    "npm",
    "koa",
    "0.0.0",
  ],
  [
    "npm",
    "launchdarkly-react-client-sdk",
    "0.0.0",
  ],
  [
    "npm",
    "lemonsqueezy.ts",
    "0.0.0",
  ],
  [
    "npm",
    "lighthouse",
    "0.0.0",
  ],
  [
    "npm",
    "logrocket",
    "0.0.0",
  ],
  [
    "npm",
    "logsnag",
    "0.0.0",
  ],
  [
    "npm",
    "mariadb",
    "0.0.0",
  ],
  [
    "npm",
    "meilisearch",
    "0.0.0",
  ],
  [
    "npm",
    "memcached",
    "0.0.0",
  ],
  [
    "npm",
    "meteor",
    "0.0.0",
  ],
  [
    "npm",
    "meteor-node-stubs",
    "0.0.0",
  ],
  [
    "npm",
    "miniflare",
    "0.0.0",
  ],
  [
    "npm",
    "mithril",
    "0.0.0",
  ],
  [
    "npm",
    "mongoose",
    "0.0.0",
  ],
  [
    "npm",
    "mysql",
    "0.0.0",
  ],
  [
    "npm",
    "neo4j-driver",
    "0.0.0",
  ],
  [
    "npm",
    "netlify",
    "0.0.0",
  ],
  [
    "npm",
    "netlify-cli",
    "0.0.0",
  ],
  [
    "npm",
    "newman",
    "0.0.0",
  ],
  [
    "npm",
    "newrelic",
    "0.0.0",
  ],
  [
    "npm",
    "next",
    "0.0.0",
  ],
  [
    "npm",
    "node-coveralls",
    "0.0.0",
  ],
  [
    "npm",
    "node-mailjet",
    "0.0.0",
  ],
  [
    "npm",
    "nuxt",
    "0.0.0",
  ],
  [
    "npm",
    "oci-sdk",
    "0.0.0",
  ],
  [
    "npm",
    "octokit",
    "0.0.0",
  ],
  [
    "npm",
    "openai",
    "0.0.0",
  ],
  [
    "npm",
    "pg",
    "0.0.0",
  ],
  [
    "npm",
    "php-coveralls",
    "0.0.0",
  ],
  [
    "npm",
    "playwright",
    "0.0.0",
  ],
  [
    "npm",
    "postman-cli",
    "0.0.0",
  ],
  [
    "npm",
    "postman-collection",
    "0.0.0",
  ],
  [
    "npm",
    "postman-request",
    "0.0.0",
  ],
  [
    "npm",
    "postmark",
    "0.0.0",
  ],
  [
    "npm",
    "preact",
    "0.0.0",
  ],
  [
    "npm",
    "prettier",
    "0.0.0",
  ],
  [
    "npm",
    "prisma",
    "0.0.0",
  ],
  [
    "npm",
    "puppeteer",
    "0.0.0",
  ],
  [
    "npm",
    "react",
    "0.0.0",
  ],
  [
    "npm",
    "react-email",
    "0.0.0",
  ],
  [
    "npm",
    "react-instantsearch",
    "0.0.0",
  ],
  [
    "npm",
    "redis",
    "0.0.0",
  ],
  [
    "npm",
    "renovate",
    "0.0.0",
  ],
  [
    "npm",
    "resend",
    "0.0.0",
  ],
  [
    "npm",
    "rollup",
    "0.0.0",
  ],
  [
    "npm",
    "sanity",
    "0.0.0",
  ],
  [
    "npm",
    "sequelize",
    "0.0.0",
  ],
  [
    "npm",
    "snyk",
    "0.0.0",
  ],
  [
    "npm",
    "socket.io",
    "0.0.0",
  ],
  [
    "npm",
    "solid-js",
    "0.0.0",
  ],
  [
    "npm",
    "sqlite3",
    "0.0.0",
  ],
  [
    "npm",
    "sqreen",
    "0.0.0",
  ],
  [
    "npm",
    "storybook",
    "0.0.0",
  ],
  [
    "npm",
    "strapi",
    "0.0.0",
  ],
  [
    "npm",
    "stripe",
    "0.0.0",
  ],
  [
    "npm",
    "svelte",
    "0.0.0",
  ],
  [
    "npm",
    "tailwindcss",
    "0.0.0",
  ],
  [
    "npm",
    "twilio",
    "0.0.0",
  ],
  [
    "npm",
    "typescript",
    "0.0.0",
  ],
  [
    "npm",
    "vercel",
    "0.0.0",
  ],
  [
    "npm",
    "vite",
    "0.0.0",
  ],
  [
    "npm",
    "vue",
    "0.0.0",
  ],
  [
    "npm",
    "vue-instantsearch",
    "0.0.0",
  ],
  [
    "npm",
    "webflow-api",
    "0.0.0",
  ],
  [
    "npm",
    "webpack",
    "0.0.0",
  ],
  [
    "npm",
    "wrangler",
    "0.0.0",
  ],
]
`;
