// Vitest Snapshot v1, https://vitest.dev/guide/snapshot.html

exports[`npm > should match everything 1`] = `
[
  "algolia",
  "angular",
  "auth0",
  "aws",
  "aws.dynamodb",
  "bootstrap",
  "browserstack",
  "couchbase",
  "cypressci",
  "datadog",
  "elasticsearch",
  "esbuild",
  "eslint",
  "express",
  "fastify",
  "gcp",
  "gcp.bigquery",
  "gcp.cloudrun",
  "gcp.gce",
  "gcp.gcs",
  "gcp.pubsub",
  "gcp.sql",
  "github",
  "hotjar",
  "influxdb",
  "koa",
  "logrocket",
  "mailjet",
  "mariadb",
  "memcached",
  "mongodb",
  "mysql",
  "neo4j",
  "netlify",
  "newrelic",
  "nodejs",
  "postgresql",
  "prettier",
  "prisma",
  "rabbitmq",
  "react",
  "reactemail",
  "redis",
  "relativeci",
  "renovate",
  "rollup",
  "sentry",
  "sequelize",
  "snyk",
  "socketio",
  "sqreen",
  "storybook",
  "strapi",
  "tailwind",
  "typescript",
  "vercel",
  "vite",
  "vue",
  "webpack",
]
`;
