// Vitest Snapshot v1, https://vitest.dev/guide/snapshot.html

exports[`terraform (lockfile) > should match everything 1`] = `
[
  "airbyte",
  "alibabacloud",
  "apache_kafka",
  "auth0",
  "aws",
  "azure",
  "clickhouse",
  "cloudflare",
  "cockroachdb",
  "couchbase",
  "databricks",
  "datadog",
  "datastax",
  "digitalocean",
  "elasticcloud",
  "elasticsearch",
  "elasticstack",
  "equinix",
  "flyio",
  "gcp",
  "github",
  "gitlab",
  "grafana",
  "hashicorp_vault",
  "helm",
  "heroku",
  "kubernetes",
  "launchdarkly",
  "mongodbatlas",
  "newrelic",
  "okta",
  "oraclecloud",
  "ovh",
  "pagerduty",
  "prismacloud",
  "scaleway",
  "slack",
  "snowflake",
  "snyk",
  "splunk",
  "tencentcloud",
  "terraform",
  "vercel",
]
`;
