// Vitest Snapshot v1, https://vitest.dev/guide/snapshot.html

exports[`terraform (resource) > should match everything 1`] = `
[
  "aws",
  "aws.amplify_hosting",
  "aws.dynamodb",
  "aws.ec2",
  "aws.ecs",
  "aws.elasticache",
  "aws.glacier",
  "aws.lambda",
  "aws.rds",
  "aws.s3",
  "aws.sns",
  "aws.sqs",
  "datadog",
  "firebase",
  "firebase.firestore",
  "gcp",
  "gcp.aiplatform",
  "gcp.bigquery",
  "gcp.bigtable",
  "gcp.cloudbuild",
  "gcp.cloudrun",
  "gcp.dataflow",
  "gcp.dataproc",
  "gcp.datastore",
  "gcp.dialogflow",
  "gcp.dns",
  "gcp.functions",
  "gcp.gce",
  "gcp.gcs",
  "gcp.gke",
  "gcp.kms",
  "gcp.maps",
  "gcp.memorystore",
  "gcp.pubsub",
  "gcp.secretmanager",
  "gcp.spanner",
  "gcp.sql",
  "gcp.tasks",
  "terraform",
]
`;

exports[`terraform (resource) > should match nothing but register dependencies 1`] = `
[
  [
    "terraform",
    "helloworld",
    "0.0.0",
  ],
]
`;
