// Vitest Snapshot v1, https://vitest.dev/guide/snapshot.html

exports[`rust (component) > should match everything 1`] = `
[
  "algolia",
  "apache_cassandra",
  "auth0",
  "aws",
  "aws.dynamodb",
  "aws.ec2",
  "aws.ecs",
  "aws.elasticache",
  "aws.glacier",
  "aws.lambda",
  "aws.rds",
  "aws.s3",
  "aws.sns",
  "aws.sqs",
  "azure",
  "cloudflare",
  "couchbase",
  "datadog",
  "elasticsearch",
  "fastly",
  "firebase",
  "gcp",
  "gcp.bigquery",
  "gcp.gcs",
  "gcp.pubsub",
  "gitlab",
  "hashicorp_vault",
  "influxdb",
  "kubernetes",
  "launchdarkly",
  "mailjet",
  "meilisearch",
  "memcached",
  "mongodb",
  "mysql",
  "neo4j",
  "okta",
  "pagerduty",
  "postgresql",
  "rabbitmq",
  "redis",
  "rust",
  "sentry",
  "slack",
  "snowflake",
  "sqlite",
  "vercel",
  "zookeeper",
]
`;

exports[`rust (component) > should match everything 2`] = `
[
  [
    "rust",
    "algoliasearch",
    "1.0.0",
  ],
  [
    "rust",
    "auth0",
    "1.0.0",
  ],
  [
    "rust",
    "aws-sdk-dynamodb",
    "1.0.0",
  ],
  [
    "rust",
    "aws-sdk-e2",
    "1.0.0",
  ],
  [
    "rust",
    "aws-sdk-ec2",
    "1.0.0",
  ],
  [
    "rust",
    "aws-sdk-ecs",
    "1.0.0",
  ],
  [
    "rust",
    "aws-sdk-elasticache",
    "1.0.0",
  ],
  [
    "rust",
    "aws-sdk-elasticsearch",
    "1.0.0",
  ],
  [
    "rust",
    "aws-sdk-glacier",
    "1.0.0",
  ],
  [
    "rust",
    "aws-sdk-lambda",
    "1.0.0",
  ],
  [
    "rust",
    "aws-sdk-rds",
    "1.0.0",
  ],
  [
    "rust",
    "aws-sdk-s3",
    "1.0.0",
  ],
  [
    "rust",
    "aws-sdk-sns",
    "1.0.0",
  ],
  [
    "rust",
    "aws-sdk-sqs",
    "1.0.0",
  ],
  [
    "rust",
    "azure_core",
    "1.0.0",
  ],
  [
    "rust",
    "cassandra-cpp",
    "1.0.0",
  ],
  [
    "rust",
    "cloudflare",
    "1.0.0",
  ],
  [
    "rust",
    "couchbase",
    "1.0.0",
  ],
  [
    "rust",
    "datadog-apm",
    "1.0.0",
  ],
  [
    "rust",
    "ddtrace",
    "1.0.0",
  ],
  [
    "rust",
    "discord-cassandra-cpp",
    "1.0.0",
  ],
  [
    "rust",
    "elasticsearch",
    "1.0.0",
  ],
  [
    "rust",
    "fastly-api",
    "1.0.0",
  ],
  [
    "rust",
    "firebase-rs",
    "1.0.0",
  ],
  [
    "rust",
    "gcp-bigquery-client",
    "1.0.0",
  ],
  [
    "rust",
    "gitlab",
    "1.0.0",
  ],
  [
    "rust",
    "google-cloud-metadata",
    "1.0.0",
  ],
  [
    "rust",
    "google-cloud-pubsub",
    "1.0.0",
  ],
  [
    "rust",
    "google-cloud-storage",
    "1.0.0",
  ],
  [
    "rust",
    "hashicorp_vault",
    "1.0.0",
  ],
  [
    "rust",
    "influxdb",
    "1.0.0",
  ],
  [
    "rust",
    "influxdb2",
    "1.0.0",
  ],
  [
    "rust",
    "k8s-openapi",
    "1.0.0",
  ],
  [
    "rust",
    "lambda_runtime",
    "1.0.0",
  ],
  [
    "rust",
    "launchdarkly-server-sdk",
    "1.0.0",
  ],
  [
    "rust",
    "libsqlite3-sys",
    "1.0.0",
  ],
  [
    "rust",
    "mailjet-rs",
    "1.0.0",
  ],
  [
    "rust",
    "meilisearch-sdk",
    "1.0.0",
  ],
  [
    "rust",
    "memcache",
    "1.0.0",
  ],
  [
    "rust",
    "memcache-async",
    "1.0.0",
  ],
  [
    "rust",
    "mongodb",
    "1.0.0",
  ],
  [
    "rust",
    "mysql_async",
    "1.0.0",
  ],
  [
    "rust",
    "neo4rs",
    "1.0.0",
  ],
  [
    "rust",
    "okta",
    "1.0.0",
  ],
  [
    "rust",
    "pagerduty-rs",
    "1.0.0",
  ],
  [
    "rust",
    "postgres",
    "1.0.0",
  ],
  [
    "rust",
    "rabbitmq-stream-client",
    "1.0.0",
  ],
  [
    "rust",
    "redis",
    "1.0.0",
  ],
  [
    "rust",
    "redis-async",
    "1.0.0",
  ],
  [
    "rust",
    "rs-snowflake",
    "1.0.0",
  ],
  [
    "rust",
    "rusqlite",
    "1.0.0",
  ],
  [
    "rust",
    "sentry",
    "1.0.0",
  ],
  [
    "rust",
    "slack-morphism",
    "1.0.0",
  ],
  [
    "rust",
    "snowflake",
    "1.0.0",
  ],
  [
    "rust",
    "sqlite",
    "1.0.0",
  ],
  [
    "rust",
    "vercel_runtime",
    "1.0.0",
  ],
  [
    "rust",
    "zookeeper",
    "1.0.0",
  ],
]
`;

exports[`rust (component) > should match foreign dependencies 1`] = `
[
  [
    "rust",
    "anyhow",
    "1.0.56",
  ],
  [
    "rust",
    "axum",
    "0.6.1",
  ],
  [
    "rust",
    "foobar",
    "^1.0.0",
  ],
  [
    "rust",
    "hello",
    "path:../world:1.0.0",
  ],
  [
    "rust",
    "redis_cluster_async",
    "git:https://github.com/redis-rs/redis-cluster-async.git#e6fe168",
  ],
  [
    "rust",
    "test",
    "path:../test",
  ],
]
`;
