// Vitest Snapshot v1, https://vitest.dev/guide/snapshot.html

exports[`golang (lockfile) > should match everything 1`] = `
[
  "aws",
  "aws.dynamodb",
  "aws.ec2",
  "aws.ecs",
  "aws.elasticache",
  "aws.glacier",
  "aws.lambda",
  "aws.rds",
  "aws.s3",
  "aws.sns",
  "aws.sqs",
  "azure",
  "brevo",
  "clickhouse",
  "elasticsearch",
  "gcp",
  "gcp.aiplatform",
  "gcp.appengine",
  "gcp.bigquery",
  "gcp.bigtable",
  "gcp.cloudrun",
  "gcp.dataflow",
  "gcp.dataproc",
  "gcp.datastore",
  "gcp.dialogflow",
  "gcp.functions",
  "gcp.gce",
  "gcp.gcs",
  "gcp.kms",
  "gcp.language",
  "gcp.maps",
  "gcp.memorystore",
  "gcp.pubsub",
  "gcp.secretmanager",
  "gcp.spanner",
  "gcp.speech",
  "gcp.tasks",
  "gcp.translate",
  "gcp.vision",
  "gitguardian",
  "golang",
  "launchdarkly",
  "lemonsqueezy",
  "meilisearch",
  "splitio",
]
`;

exports[`golang (lockfile) > should match everything 2`] = `
[
  [
    "golang",
    "cloud.google.com/go/aiplatform",
    "v1.0.0",
  ],
  [
    "golang",
    "cloud.google.com/go/appengine",
    "v1.0.0",
  ],
  [
    "golang",
    "cloud.google.com/go/bigquery",
    "v1.0.0",
  ],
  [
    "golang",
    "cloud.google.com/go/bigtable",
    "v1.0.0",
  ],
  [
    "golang",
    "cloud.google.com/go/cloudbuild",
    "v1.0.0",
  ],
  [
    "golang",
    "cloud.google.com/go/compute",
    "v1.0.0",
  ],
  [
    "golang",
    "cloud.google.com/go/dataflow",
    "v1.0.0",
  ],
  [
    "golang",
    "cloud.google.com/go/dataproc",
    "v1.0.0",
  ],
  [
    "golang",
    "cloud.google.com/go/datastore",
    "v1.0.0",
  ],
  [
    "golang",
    "cloud.google.com/go/dialogflow",
    "v1.0.0",
  ],
  [
    "golang",
    "cloud.google.com/go/functions",
    "v1.0.0",
  ],
  [
    "golang",
    "cloud.google.com/go/kms",
    "v1.0.0",
  ],
  [
    "golang",
    "cloud.google.com/go/language",
    "v1.0.0",
  ],
  [
    "golang",
    "cloud.google.com/go/maps",
    "v1.0.0",
  ],
  [
    "golang",
    "cloud.google.com/go/pubsub",
    "v1.0.0",
  ],
  [
    "golang",
    "cloud.google.com/go/redis",
    "v1.0.0",
  ],
  [
    "golang",
    "cloud.google.com/go/run",
    "v1.0.0",
  ],
  [
    "golang",
    "cloud.google.com/go/secretmanager",
    "v1.0.0",
  ],
  [
    "golang",
    "cloud.google.com/go/spanner",
    "v1.0.0",
  ],
  [
    "golang",
    "cloud.google.com/go/speech",
    "v1.0.0",
  ],
  [
    "golang",
    "cloud.google.com/go/storage",
    "v1.0.0",
  ],
  [
    "golang",
    "cloud.google.com/go/tasks",
    "v1.0.0",
  ],
  [
    "golang",
    "cloud.google.com/go/translate",
    "v1.0.0",
  ],
  [
    "golang",
    "cloud.google.com/go/vision",
    "v1.0.0",
  ],
  [
    "golang",
    "github.com/Azure/azure-sdk-for-go",
    "v1.0.0",
  ],
  [
    "golang",
    "github.com/ClickHouse/clickhouse-go",
    "v1.0.0",
  ],
  [
    "golang",
    "github.com/Gaardsholt/go-gitguardian",
    "v1.0.0",
  ],
  [
    "golang",
    "github.com/NdoleStudio/lemonsqueezy-go",
    "v1.0.0",
  ],
  [
    "golang",
    "github.com/aws/aws-sdk-go",
    "v1.0.0",
  ],
  [
    "golang",
    "github.com/aws/aws-sdk-go-v2",
    "v1.0.0",
  ],
  [
    "golang",
    "github.com/aws/aws-sdk-go-v2/service/codebuild",
    "v1.0.0",
  ],
  [
    "golang",
    "github.com/aws/aws-sdk-go-v2/service/dynamodb",
    "v1.0.0",
  ],
  [
    "golang",
    "github.com/aws/aws-sdk-go-v2/service/ec2",
    "v1.0.0",
  ],
  [
    "golang",
    "github.com/aws/aws-sdk-go-v2/service/ecs",
    "v1.0.0",
  ],
  [
    "golang",
    "github.com/aws/aws-sdk-go-v2/service/elasticache",
    "v1.0.0",
  ],
  [
    "golang",
    "github.com/aws/aws-sdk-go-v2/service/glacier",
    "v1.0.0",
  ],
  [
    "golang",
    "github.com/aws/aws-sdk-go-v2/service/lambda",
    "v1.0.0",
  ],
  [
    "golang",
    "github.com/aws/aws-sdk-go-v2/service/rds",
    "v1.0.0",
  ],
  [
    "golang",
    "github.com/aws/aws-sdk-go-v2/service/s3",
    "v1.0.0",
  ],
  [
    "golang",
    "github.com/aws/aws-sdk-go-v2/service/sns",
    "v1.0.0",
  ],
  [
    "golang",
    "github.com/aws/aws-sdk-go-v2/service/sqs",
    "v1.0.0",
  ],
  [
    "golang",
    "github.com/elastic/go-elasticsearch",
    "v1.0.0",
  ],
  [
    "golang",
    "github.com/getbrevo/brevo-go",
    "v1.0.0",
  ],
  [
    "golang",
    "github.com/hashicorp/terraform-plugin-sdk/v2",
    "v1.0.0",
  ],
  [
    "golang",
    "github.com/launchdarkly/go-sdk-common/v3",
    "v1.0.0",
  ],
  [
    "golang",
    "github.com/meilisearch/meilisearch-go",
    "v1.0.0",
  ],
  [
    "golang",
    "github.com/splitio/go-client/v6",
    "v1.0.0",
  ],
  [
    "golang",
    "goveralls",
    "v1.0.0",
  ],
]
`;
