// Vitest Snapshot v1, https://vitest.dev/guide/snapshot.html

exports[`docker > should match all dependencies 1`] = `
[
  "algolia",
  "alibabacloud",
  "aws",
  "aws.ec2",
  "aws.fargate",
  "aws.lambda",
  "aws.s3",
  "azure",
  "databricks",
  "datadog",
  "digitalocean",
  "discord",
  "expodev",
  "firebase",
  "flyio",
  "gcp",
  "gcp.cloudrun",
  "gcp.functions",
  "gcp.gce",
  "gcp.gcs",
  "gcp.gke",
  "gcp.secretmanager",
  "github",
  "github.actions",
  "github.pages",
  "hashicorp_vault",
  "heroku",
  "kubernetes",
  "launchdarkly",
  "netlify",
  "planetscale",
  "postgresql",
  "scaleway",
  "sentry",
  "slack",
  "snyk",
  "supabase",
  "supabase.postgres",
  "twilio",
  "vercel",
]
`;

exports[`docker > should match all dependencies 2`] = `
[
  [
    "docker",
    "node",
    "18.17.1",
  ],
  [
    "docker",
    "postgres",
    "15.4-alpine",
  ],
  [
    "githubAction",
    "10up/action-wordpress-plugin-deploy",
    "1",
  ],
  [
    "githubAction",
    "8398a7/action-slack",
    "1",
  ],
  [
    "githubAction",
    "CircleCI-Public/trigger-circleci-pipeline-action",
    "1",
  ],
  [
    "githubAction",
    "DataDog/synthetics-ci-github-action",
    "1",
  ],
  [
    "githubAction",
    "Ilshidur/action-discord",
    "1",
  ],
  [
    "githubAction",
    "JamesIves/github-pages-deploy-action",
    "1",
  ],
  [
    "githubAction",
    "actions/deploy-pages",
    "1",
  ],
  [
    "githubAction",
    "actions/upload-pages-artifact",
    "1",
  ],
  [
    "githubAction",
    "ahmadnassri/action-dependabot-auto-merge",
    "1",
  ],
  [
    "githubAction",
    "akhileshns/heroku-deploy",
    "1",
  ],
  [
    "githubAction",
    "algolia/algoliasearch-crawler-github-actions",
    "1",
  ],
  [
    "githubAction",
    "algolia/setup-algolia-cli",
    "1",
  ],
  [
    "githubAction",
    "aliyun/acr-login",
    "1",
  ],
  [
    "githubAction",
    "amondnet/vercel-action",
    "1",
  ],
  [
    "githubAction",
    "appleboy/lambda-action",
    "1",
  ],
  [
    "githubAction",
    "aws-actions/amazon-eks-fargate",
    "1",
  ],
  [
    "githubAction",
    "aws-actions/configure-aws-credentials",
    "1",
  ],
  [
    "githubAction",
    "azure/CLI",
    "1",
  ],
  [
    "githubAction",
    "azure/k8s-create-secret",
    "1",
  ],
  [
    "githubAction",
    "azure/k8s-deploy",
    "1",
  ],
  [
    "githubAction",
    "azure/k8s-set-context",
    "1",
  ],
  [
    "githubAction",
    "azure/login",
    "1",
  ],
  [
    "githubAction",
    "azure/powershell",
    "1",
  ],
  [
    "githubAction",
    "azure/setup-helm",
    "1",
  ],
  [
    "githubAction",
    "azure/setup-kubectl",
    "1",
  ],
  [
    "githubAction",
    "bitovi/github-actions-deploy-docker-to-ec2",
    "1",
  ],
  [
    "githubAction",
    "cypress-io/github-action",
    "1",
  ],
  [
    "githubAction",
    "databricks/run-notebook",
    "1",
  ],
  [
    "githubAction",
    "datadog/agent-github-action",
    "1",
  ],
  [
    "githubAction",
    "digitalocean/action-doctl",
    "1",
  ],
  [
    "githubAction",
    "digitalocean/app_action",
    "1",
  ],
  [
    "githubAction",
    "docker/login-action",
    "1",
  ],
  [
    "githubAction",
    "expo/expo-github-action",
    "1",
  ],
  [
    "githubAction",
    "getsentry/action-release",
    "1",
  ],
  [
    "githubAction",
    "google-github-actions/auth",
    "1",
  ],
  [
    "githubAction",
    "google-github-actions/deploy-cloud-functions",
    "1",
  ],
  [
    "githubAction",
    "google-github-actions/deploy-cloudrun",
    "1",
  ],
  [
    "githubAction",
    "google-github-actions/get-gke-credentials",
    "1",
  ],
  [
    "githubAction",
    "google-github-actions/get-secretmanager-secrets",
    "1",
  ],
  [
    "githubAction",
    "google-github-actions/setup-gcloud",
    "1",
  ],
  [
    "githubAction",
    "google-github-actions/ssh-compute",
    "1",
  ],
  [
    "githubAction",
    "google-github-actions/upload-cloud-storage",
    "1",
  ],
  [
    "githubAction",
    "hashicorp/setup-terraform",
    "1",
  ],
  [
    "githubAction",
    "hashicorp/terraform-cdk-action",
    "1",
  ],
  [
    "githubAction",
    "hashicorp/vault-action",
    "1",
  ],
  [
    "githubAction",
    "jakejarvis/s3-sync-action",
    "1",
  ],
  [
    "githubAction",
    "launchdarkly/find-code-references",
    "1",
  ],
  [
    "githubAction",
    "nwtgck/actions-netlify",
    "1",
  ],
  [
    "githubAction",
    "peaceiris/actions-gh-pages",
    "1",
  ],
  [
    "githubAction",
    "planetscale/create-branch-action",
    "1",
  ],
  [
    "githubAction",
    "relative-ci/agent-action",
    "1",
  ],
  [
    "githubAction",
    "scaleway/action-scw",
    "1",
  ],
  [
    "githubAction",
    "slackapi/slack-github-action",
    "1",
  ],
  [
    "githubAction",
    "snaplet/vercel-action",
    "1",
  ],
  [
    "githubAction",
    "snyk/actions/php",
    undefined,
  ],
  [
    "githubAction",
    "supabase/embeddings-generator",
    "1",
  ],
  [
    "githubAction",
    "supabase/setup-cli",
    "1",
  ],
  [
    "githubAction",
    "superfly/flyctl-actions/setup-flyctl",
    "1",
  ],
  [
    "githubAction",
    "trufflesecurity/trufflehog",
    "1",
  ],
  [
    "githubAction",
    "twilio-labs/actions-sms",
    "1",
  ],
  [
    "githubAction",
    "w9jds/firebase-action",
    "1",
  ],
  [
    "githubAction",
    "wzieba/Firebase-Distribution-Github-Action",
    "1",
  ],
]
`;
