// Vitest Snapshot v1, https://vitest.dev/guide/snapshot.html

exports[`dotenv > should match all dependencies 1`] = `
[
  "adobe",
  "adobe.analytics",
  "adobe.experiencemanager",
  "adyen",
  "aircall",
  "airtable",
  "akamai",
  "algolia",
  "amplitude",
  "anthropic",
  "apify",
  "apple",
  "asana",
  "auth0",
  "aws",
  "aws.cloudfront",
  "azure",
  "azure.maps",
  "beehiiv",
  "betterauth",
  "betterstack",
  "blackfire",
  "brevo",
  "bugsnag",
  "calendly",
  "chargebee",
  "clerk",
  "clicksend",
  "clickup",
  "cloudbees",
  "cloudflare",
  "cloudinary",
  "cohereai",
  "composio",
  "contentful",
  "convexdb",
  "crawl4ai",
  "databricks",
  "databuddy",
  "datadog",
  "deepseek",
  "discord",
  "docusign",
  "dokku",
  "dropbox",
  "dynatrace",
  "elasticsearch",
  "facebook",
  "fastly",
  "figma",
  "firebase",
  "firecrawl",
  "freshdesk",
  "gcp",
  "gcp.maps",
  "gcp.vertex",
  "geminiai",
  "ghost",
  "google",
  "google.analytics",
  "google.pay",
  "groq",
  "heremaps",
  "honeybadger",
  "hotjar",
  "huggingface",
  "ifttt",
  "infisical",
  "inngest",
  "instagram",
  "intercom",
  "intuit",
  "kibana",
  "klarna",
  "lago",
  "launchdarkly",
  "lemonsqueezy",
  "linear",
  "linkedin",
  "logsnag",
  "logtoio",
  "mailchimp",
  "mailjet",
  "mapbox",
  "matomo",
  "meilisearch",
  "memcached",
  "milvusdb",
  "miro",
  "mistralai",
  "mixpanel",
  "mongodb",
  "mysql",
  "n8n",
  "nango",
  "newrelic",
  "notion",
  "okta",
  "ollama",
  "openai",
  "opentelemetry",
  "optimizely",
  "ovh",
  "paddle",
  "pagerduty",
  "papertrail",
  "paypal",
  "paystack",
  "perplexityai",
  "pinecone",
  "pingdom",
  "plausible",
  "polarsh",
  "postgresql",
  "posthog",
  "qdrant",
  "rabbitmq",
  "railway",
  "reddit",
  "redis",
  "replicate",
  "resend",
  "revenuecat",
  "rollbar",
  "salesforce",
  "segment",
  "sentry",
  "signoz",
  "simpleanalytics",
  "slack",
  "snyk",
  "splunk",
  "spotify",
  "sqreen",
  "squareup",
  "strapi",
  "stripe",
  "supabase",
  "telegram",
  "tinybird",
  "tursodb",
  "twilio",
  "twitch",
  "twitter",
  "upstash",
  "upstash.kafka",
  "upstash.redis",
  "useautumn",
  "valkey",
  "webflow",
  "whatsapp",
  "wikipedia",
  "wiz",
  "wolframalpha",
  "woocommerce",
  "wordpress",
  "workos",
  "xai",
  "youtube",
  "zapier",
  "zendesk",
  "zoom",
  "zuora",
]
`;

exports[`dotenv > should match all dependencies 2`] = `[]`;
